<?xml version="1.0" encoding="UTF-8"?>
<TestRun id="2db30e67-34cc-462b-8e85-da0edb652d67" name="CHANTADAM@TPHP3179 2019-03-19 15:13:23" runUser="TASA\CHANTADAM" xmlns="http://microsoft.com/schemas/VisualStudio/TeamTest/2010">
  <TestSettings name="Local" id="3b4d004d-75d2-4421-8fbb-eaeeedd0c141">
    <Description>These are default test settings for a local test run.</Description>
    <Deployment enabled="false" runDeploymentRoot="CHANTADAM_TPHP3179 2019-03-19 15_13_23">
      <DeploymentItem filename="c:\users\chantadam\documents\visual studio 2010\Projects\curso.net\curso.net\bin\Debug\curso.net.exe" />
    </Deployment>
    <Execution>
      <TestTypeSpecific />
      <AgentRule name="Execution Agents">
      </AgentRule>
    </Execution>
  </TestSettings>
  <Times creation="2019-03-19T15:13:23.4200078-03:00" queuing="2019-03-19T15:13:23.6820340-03:00" start="2019-03-19T15:13:23.6930351-03:00" finish="2019-03-19T15:13:24.8151473-03:00" />
  <ResultSummary outcome="Completed">
    <Counters total="2" executed="2" passed="2" error="0" failed="0" timeout="0" aborted="0" inconclusive="0" passedButRunAborted="0" notRunnable="0" notExecuted="0" disconnected="0" warning="0" completed="0" inProgress="0" pending="0" />
  </ResultSummary>
  <TestDefinitions>
    <UnitTest name="testMotorCreation" storage="c:\users\chantadam\documents\visual studio 2010\projects\curso.net\testproject1\bin\debug\testproject1.dll" id="ba4dab6f-0296-5a1b-03e3-8ae5426fd076">
      <Execution id="e3b743cd-b41c-46b8-8bc1-ef46a8812031" />
      <TestMethod codeBase="c:/users/chantadam/documents/visual studio 2010/Projects/curso.net/TestProject1/bin/Debug/TestProject1.DLL" adapterTypeName="Microsoft.VisualStudio.TestTools.TestTypes.Unit.UnitTestAdapter, Microsoft.VisualStudio.QualityTools.Tips.UnitTest.Adapter, Version=10.0.0.0, Culture=neutral, PublicKeyToken=b03f5f7f11d50a3a" className="TestProject1.motorTest, TestProject1, Version=1.0.0.0, Culture=neutral, PublicKeyToken=null" name="testMotorCreation" />
    </UnitTest>
    <UnitTest name="getAutonomia" storage="c:\users\chantadam\documents\visual studio 2010\projects\curso.net\testproject1\bin\debug\testproject1.dll" id="a34f580d-dbf6-63bd-cd9c-fb5267ebf165">
      <Execution id="d506101c-9e6f-4db5-b48b-fcaea0aa2817" />
      <TestMethod codeBase="c:/users/chantadam/documents/visual studio 2010/Projects/curso.net/TestProject1/bin/Debug/TestProject1.DLL" adapterTypeName="Microsoft.VisualStudio.TestTools.TestTypes.Unit.UnitTestAdapter, Microsoft.VisualStudio.QualityTools.Tips.UnitTest.Adapter, Version=10.0.0.0, Culture=neutral, PublicKeyToken=b03f5f7f11d50a3a" className="TestProject1.carTest, TestProject1, Version=1.0.0.0, Culture=neutral, PublicKeyToken=null" name="getAutonomia" />
    </UnitTest>
  </TestDefinitions>
  <TestLists>
    <TestList name="Results Not in a List" id="8c84fa94-04c1-424b-9868-57a2d4851a1d" />
    <TestList name="All Loaded Results" id="19431567-8539-422a-85d7-44ee4e166bda" />
  </TestLists>
  <TestEntries>
    <TestEntry testId="a34f580d-dbf6-63bd-cd9c-fb5267ebf165" executionId="d506101c-9e6f-4db5-b48b-fcaea0aa2817" testListId="8c84fa94-04c1-424b-9868-57a2d4851a1d" />
    <TestEntry testId="ba4dab6f-0296-5a1b-03e3-8ae5426fd076" executionId="e3b743cd-b41c-46b8-8bc1-ef46a8812031" testListId="8c84fa94-04c1-424b-9868-57a2d4851a1d" />
  </TestEntries>
  <Results>
    <UnitTestResult executionId="d506101c-9e6f-4db5-b48b-fcaea0aa2817" testId="a34f580d-dbf6-63bd-cd9c-fb5267ebf165" testName="getAutonomia" computerName="TPHP3179" duration="00:00:00.5430720" startTime="2019-03-19T15:13:23.8780536-03:00" endTime="2019-03-19T15:13:24.6361294-03:00" testType="13cdc9d9-ddb5-4fa4-a97d-d965ccfc6d4b" outcome="Passed" testListId="8c84fa94-04c1-424b-9868-57a2d4851a1d" relativeResultsDirectory="d506101c-9e6f-4db5-b48b-fcaea0aa2817">
    </UnitTestResult>
    <UnitTestResult executionId="e3b743cd-b41c-46b8-8bc1-ef46a8812031" testId="ba4dab6f-0296-5a1b-03e3-8ae5426fd076" testName="testMotorCreation" computerName="TPHP3179" duration="00:00:00.0002248" startTime="2019-03-19T15:13:24.7941452-03:00" endTime="2019-03-19T15:13:24.8011459-03:00" testType="13cdc9d9-ddb5-4fa4-a97d-d965ccfc6d4b" outcome="Passed" testListId="8c84fa94-04c1-424b-9868-57a2d4851a1d" relativeResultsDirectory="e3b743cd-b41c-46b8-8bc1-ef46a8812031">
    </UnitTestResult>
  </Results>
</TestRun>