<?xml version="1.0" encoding="UTF-8"?>
<TestRun id="58bc7ae0-4831-4722-9ed3-bba81cb5500c" name="CHANTADAM@TPHP3179 2019-03-19 15:07:30" runUser="TASA\CHANTADAM" xmlns="http://microsoft.com/schemas/VisualStudio/TeamTest/2010">
  <TestSettings name="Local" id="3b4d004d-75d2-4421-8fbb-eaeeedd0c141">
    <Description>These are default test settings for a local test run.</Description>
    <Deployment enabled="false" runDeploymentRoot="CHANTADAM_TPHP3179 2019-03-19 15_07_30">
      <DeploymentItem filename="c:\users\chantadam\documents\visual studio 2010\Projects\curso.net\curso.net\bin\Debug\curso.net.exe" />
    </Deployment>
    <Execution>
      <TestTypeSpecific />
      <AgentRule name="Execution Agents">
      </AgentRule>
    </Execution>
  </TestSettings>
  <Times creation="2019-03-19T15:07:30.5757269-03:00" queuing="2019-03-19T15:07:30.5887282-03:00" start="2019-03-19T15:07:30.5997293-03:00" finish="2019-03-19T15:07:30.8907584-03:00" />
  <ResultSummary outcome="Completed">
    <Counters total="1" executed="1" passed="1" error="0" failed="0" timeout="0" aborted="0" inconclusive="0" passedButRunAborted="0" notRunnable="0" notExecuted="0" disconnected="0" warning="0" completed="0" inProgress="0" pending="0" />
  </ResultSummary>
  <TestDefinitions>
    <UnitTest name="testMotor" storage="c:\users\chantadam\documents\visual studio 2010\projects\curso.net\testproject1\bin\debug\testproject1.dll" id="a0cb30ad-5b12-116f-1410-945461fc13d8">
      <Execution id="3f858f7c-7d4c-4667-a960-e05038befbe5" />
      <TestMethod codeBase="c:/users/chantadam/documents/visual studio 2010/Projects/curso.net/TestProject1/bin/Debug/TestProject1.DLL" adapterTypeName="Microsoft.VisualStudio.TestTools.TestTypes.Unit.UnitTestAdapter, Microsoft.VisualStudio.QualityTools.Tips.UnitTest.Adapter, Version=10.0.0.0, Culture=neutral, PublicKeyToken=b03f5f7f11d50a3a" className="TestProject1.motorTest, TestProject1, Version=1.0.0.0, Culture=neutral, PublicKeyToken=null" name="testMotor" />
    </UnitTest>
  </TestDefinitions>
  <TestLists>
    <TestList name="Results Not in a List" id="8c84fa94-04c1-424b-9868-57a2d4851a1d" />
    <TestList name="All Loaded Results" id="19431567-8539-422a-85d7-44ee4e166bda" />
  </TestLists>
  <TestEntries>
    <TestEntry testId="a0cb30ad-5b12-116f-1410-945461fc13d8" executionId="3f858f7c-7d4c-4667-a960-e05038befbe5" testListId="8c84fa94-04c1-424b-9868-57a2d4851a1d" />
  </TestEntries>
  <Results>
    <UnitTestResult executionId="3f858f7c-7d4c-4667-a960-e05038befbe5" testId="a0cb30ad-5b12-116f-1410-945461fc13d8" testName="testMotor" computerName="TPHP3179" duration="00:00:00.0154271" startTime="2019-03-19T15:07:30.6117305-03:00" endTime="2019-03-19T15:07:30.8717565-03:00" testType="13cdc9d9-ddb5-4fa4-a97d-d965ccfc6d4b" outcome="Passed" testListId="8c84fa94-04c1-424b-9868-57a2d4851a1d" relativeResultsDirectory="3f858f7c-7d4c-4667-a960-e05038befbe5">
    </UnitTestResult>
  </Results>
</TestRun>