<?xml version="1.0" encoding="UTF-8"?>
<TestRun id="7c1735ad-b04c-4274-b3c8-22c7eb5daf6b" name="CHANTADAM@TPHP3179 2019-03-26 15:25:05" runUser="TASA\CHANTADAM" xmlns="http://microsoft.com/schemas/VisualStudio/TeamTest/2010">
  <TestSettings name="Local" id="3b4d004d-75d2-4421-8fbb-eaeeedd0c141">
    <Description>These are default test settings for a local test run.</Description>
    <Deployment enabled="false" runDeploymentRoot="CHANTADAM_TPHP3179 2019-03-26 15_25_05">
      <DeploymentItem filename="C:\Users\chantadam\documents\visual studio 2010\Projects\curso.net\curso.net\bin\Debug\curso.net.exe" />
    </Deployment>
    <Execution>
      <TestTypeSpecific />
      <AgentRule name="Execution Agents">
      </AgentRule>
    </Execution>
  </TestSettings>
  <Times creation="2019-03-26T15:25:05.5857292-03:00" queuing="2019-03-26T15:25:05.5997306-03:00" start="2019-03-26T15:25:05.6347341-03:00" finish="2019-03-26T15:25:06.4188125-03:00" />
  <ResultSummary outcome="Failed">
    <Counters total="4" executed="4" passed="3" error="0" failed="1" timeout="0" aborted="0" inconclusive="0" passedButRunAborted="0" notRunnable="0" notExecuted="0" disconnected="0" warning="0" completed="0" inProgress="0" pending="0" />
  </ResultSummary>
  <TestDefinitions>
    <UnitTest name="testLuces" storage="c:\users\chantadam\documents\visual studio 2010\projects\curso.net\testproject1\bin\debug\testproject1.dll" id="a0843eeb-a94a-647e-0857-4d1386a0b557">
      <Execution id="53faffd4-10ae-4f3c-b5cf-bf5a5f1bc675" />
      <TestMethod codeBase="C:/Users/chantadam/Documents/Visual Studio 2010/Projects/curso.net/TestProject1/bin/Debug/TestProject1.DLL" adapterTypeName="Microsoft.VisualStudio.TestTools.TestTypes.Unit.UnitTestAdapter, Microsoft.VisualStudio.QualityTools.Tips.UnitTest.Adapter, Version=10.0.0.0, Culture=neutral, PublicKeyToken=b03f5f7f11d50a3a" className="TestProject1.carTest, TestProject1, Version=1.0.0.0, Culture=neutral, PublicKeyToken=null" name="testLuces" />
    </UnitTest>
    <UnitTest name="getAutonomia" storage="c:\users\chantadam\documents\visual studio 2010\projects\curso.net\testproject1\bin\debug\testproject1.dll" id="a34f580d-dbf6-63bd-cd9c-fb5267ebf165">
      <Execution id="0823bd73-9b12-4cf9-b6b0-1f185921dd46" />
      <TestMethod codeBase="C:/Users/chantadam/Documents/Visual Studio 2010/Projects/curso.net/TestProject1/bin/Debug/TestProject1.DLL" adapterTypeName="Microsoft.VisualStudio.TestTools.TestTypes.Unit.UnitTestAdapter, Microsoft.VisualStudio.QualityTools.Tips.UnitTest.Adapter, Version=10.0.0.0, Culture=neutral, PublicKeyToken=b03f5f7f11d50a3a" className="TestProject1.carTest, TestProject1, Version=1.0.0.0, Culture=neutral, PublicKeyToken=null" name="getAutonomia" />
    </UnitTest>
    <UnitTest name="cargarNaftaDeMasThrows" storage="c:\users\chantadam\documents\visual studio 2010\projects\curso.net\testproject1\bin\debug\testproject1.dll" id="b20fd6cb-b0b2-4a4b-c2cd-623ac8b5cc1d">
      <Execution id="3ec9e9e7-933e-4d09-9c53-36f944d96c0a" />
      <TestMethod codeBase="C:/Users/chantadam/Documents/Visual Studio 2010/Projects/curso.net/TestProject1/bin/Debug/TestProject1.DLL" adapterTypeName="Microsoft.VisualStudio.TestTools.TestTypes.Unit.UnitTestAdapter, Microsoft.VisualStudio.QualityTools.Tips.UnitTest.Adapter, Version=10.0.0.0, Culture=neutral, PublicKeyToken=b03f5f7f11d50a3a" className="TestProject1.carTest, TestProject1, Version=1.0.0.0, Culture=neutral, PublicKeyToken=null" name="cargarNaftaDeMasThrows" />
    </UnitTest>
    <UnitTest name="testMotorCreation" storage="c:\users\chantadam\documents\visual studio 2010\projects\curso.net\testproject1\bin\debug\testproject1.dll" id="ba4dab6f-0296-5a1b-03e3-8ae5426fd076">
      <Execution id="92fa6b7b-dd8e-4b50-97d8-29e05ab5a97b" />
      <TestMethod codeBase="C:/Users/chantadam/Documents/Visual Studio 2010/Projects/curso.net/TestProject1/bin/Debug/TestProject1.DLL" adapterTypeName="Microsoft.VisualStudio.TestTools.TestTypes.Unit.UnitTestAdapter, Microsoft.VisualStudio.QualityTools.Tips.UnitTest.Adapter, Version=10.0.0.0, Culture=neutral, PublicKeyToken=b03f5f7f11d50a3a" className="TestProject1.motorTest, TestProject1, Version=1.0.0.0, Culture=neutral, PublicKeyToken=null" name="testMotorCreation" />
    </UnitTest>
  </TestDefinitions>
  <TestLists>
    <TestList name="Results Not in a List" id="8c84fa94-04c1-424b-9868-57a2d4851a1d" />
    <TestList name="All Loaded Results" id="19431567-8539-422a-85d7-44ee4e166bda" />
  </TestLists>
  <TestEntries>
    <TestEntry testId="a0843eeb-a94a-647e-0857-4d1386a0b557" executionId="53faffd4-10ae-4f3c-b5cf-bf5a5f1bc675" testListId="8c84fa94-04c1-424b-9868-57a2d4851a1d" />
    <TestEntry testId="a34f580d-dbf6-63bd-cd9c-fb5267ebf165" executionId="0823bd73-9b12-4cf9-b6b0-1f185921dd46" testListId="8c84fa94-04c1-424b-9868-57a2d4851a1d" />
    <TestEntry testId="b20fd6cb-b0b2-4a4b-c2cd-623ac8b5cc1d" executionId="3ec9e9e7-933e-4d09-9c53-36f944d96c0a" testListId="8c84fa94-04c1-424b-9868-57a2d4851a1d" />
    <TestEntry testId="ba4dab6f-0296-5a1b-03e3-8ae5426fd076" executionId="92fa6b7b-dd8e-4b50-97d8-29e05ab5a97b" testListId="8c84fa94-04c1-424b-9868-57a2d4851a1d" />
  </TestEntries>
  <Results>
    <UnitTestResult executionId="53faffd4-10ae-4f3c-b5cf-bf5a5f1bc675" testId="a0843eeb-a94a-647e-0857-4d1386a0b557" testName="testLuces" computerName="TPHP3179" duration="00:00:00.2358160" startTime="2019-03-26T15:25:05.6607367-03:00" endTime="2019-03-26T15:25:06.3128019-03:00" testType="13cdc9d9-ddb5-4fa4-a97d-d965ccfc6d4b" outcome="Failed" testListId="8c84fa94-04c1-424b-9868-57a2d4851a1d" relativeResultsDirectory="53faffd4-10ae-4f3c-b5cf-bf5a5f1bc675">
      <Output>
        <ErrorInfo>
          <Message>Assert.IsTrue failed. </Message>
          <StackTrace>   en TestProject1.carTest.testLuces() en C:\Users\chantadam\Documents\Visual Studio 2010\Projects\curso.net\TestProject1\carTest.cs:línea 26
</StackTrace>
        </ErrorInfo>
      </Output>
    </UnitTestResult>
    <UnitTestResult executionId="0823bd73-9b12-4cf9-b6b0-1f185921dd46" testId="a34f580d-dbf6-63bd-cd9c-fb5267ebf165" testName="getAutonomia" computerName="TPHP3179" duration="00:00:00.0004503" startTime="2019-03-26T15:25:06.3278034-03:00" endTime="2019-03-26T15:25:06.3318038-03:00" testType="13cdc9d9-ddb5-4fa4-a97d-d965ccfc6d4b" outcome="Passed" testListId="8c84fa94-04c1-424b-9868-57a2d4851a1d" relativeResultsDirectory="0823bd73-9b12-4cf9-b6b0-1f185921dd46">
    </UnitTestResult>
    <UnitTestResult executionId="3ec9e9e7-933e-4d09-9c53-36f944d96c0a" testId="b20fd6cb-b0b2-4a4b-c2cd-623ac8b5cc1d" testName="cargarNaftaDeMasThrows" computerName="TPHP3179" duration="00:00:00.0018440" startTime="2019-03-26T15:25:06.3538060-03:00" endTime="2019-03-26T15:25:06.3608067-03:00" testType="13cdc9d9-ddb5-4fa4-a97d-d965ccfc6d4b" outcome="Passed" testListId="8c84fa94-04c1-424b-9868-57a2d4851a1d" relativeResultsDirectory="3ec9e9e7-933e-4d09-9c53-36f944d96c0a">
    </UnitTestResult>
    <UnitTestResult executionId="92fa6b7b-dd8e-4b50-97d8-29e05ab5a97b" testId="ba4dab6f-0296-5a1b-03e3-8ae5426fd076" testName="testMotorCreation" computerName="TPHP3179" duration="00:00:00.0002213" startTime="2019-03-26T15:25:06.3628069-03:00" endTime="2019-03-26T15:25:06.3678074-03:00" testType="13cdc9d9-ddb5-4fa4-a97d-d965ccfc6d4b" outcome="Passed" testListId="8c84fa94-04c1-424b-9868-57a2d4851a1d" relativeResultsDirectory="92fa6b7b-dd8e-4b50-97d8-29e05ab5a97b">
    </UnitTestResult>
  </Results>
</TestRun>